Archive member included to satisfy reference by file (symbol)

c:/users/andi/eclipse/cpp-2018-12/eclipse/avr-gcc-8.3.0-x64-mingw/bin/../lib/gcc/avr/8.3.0/avr6\libgcc.a(_exit.o)
                              c:/users/andi/eclipse/cpp-2018-12/eclipse/avr-gcc-8.3.0-x64-mingw/bin/../lib/gcc/avr/8.3.0/../../../../avr/lib/avr6/crtatmega2560.o (exit)

Memory Configuration

Name             Origin             Length             Attributes
text             0x0000000000000000 0x0000000000100000 xr
data             0x0000000000800200 0x000000000000fe00 rw !x
eeprom           0x0000000000810000 0x0000000000010000 rw !x
fuse             0x0000000000820000 0x0000000000000400 rw !x
lock             0x0000000000830000 0x0000000000000400 rw !x
signature        0x0000000000840000 0x0000000000000400 rw !x
user_signatures  0x0000000000850000 0x0000000000000400 rw !x
*default*        0x0000000000000000 0xffffffffffffffff

Linker script and memory map

Address of section .data set to 0x800200
LOAD c:/users/andi/eclipse/cpp-2018-12/eclipse/avr-gcc-8.3.0-x64-mingw/bin/../lib/gcc/avr/8.3.0/../../../../avr/lib/avr6/crtatmega2560.o
LOAD ./main.o
START GROUP
LOAD c:/users/andi/eclipse/cpp-2018-12/eclipse/avr-gcc-8.3.0-x64-mingw/bin/../lib/gcc/avr/8.3.0/avr6\libgcc.a
LOAD c:/users/andi/eclipse/cpp-2018-12/eclipse/avr-gcc-8.3.0-x64-mingw/bin/../lib/gcc/avr/8.3.0/../../../../avr/lib/avr6\libm.a
LOAD c:/users/andi/eclipse/cpp-2018-12/eclipse/avr-gcc-8.3.0-x64-mingw/bin/../lib/gcc/avr/8.3.0/../../../../avr/lib/avr6\libc.a
LOAD c:/users/andi/eclipse/cpp-2018-12/eclipse/avr-gcc-8.3.0-x64-mingw/bin/../lib/gcc/avr/8.3.0/../../../../avr/lib/avr6\libatmega2560.a
END GROUP
                0x0000000000100000                __TEXT_REGION_LENGTH__ = DEFINED (__TEXT_REGION_LENGTH__)?__TEXT_REGION_LENGTH__:0x100000
                0x000000000000fe00                __DATA_REGION_LENGTH__ = DEFINED (__DATA_REGION_LENGTH__)?__DATA_REGION_LENGTH__:0xfe00
                0x0000000000010000                __EEPROM_REGION_LENGTH__ = DEFINED (__EEPROM_REGION_LENGTH__)?__EEPROM_REGION_LENGTH__:0x10000
                0x0000000000000400                __FUSE_REGION_LENGTH__ = DEFINED (__FUSE_REGION_LENGTH__)?__FUSE_REGION_LENGTH__:0x400
                0x0000000000000400                __LOCK_REGION_LENGTH__ = DEFINED (__LOCK_REGION_LENGTH__)?__LOCK_REGION_LENGTH__:0x400
                0x0000000000000400                __SIGNATURE_REGION_LENGTH__ = DEFINED (__SIGNATURE_REGION_LENGTH__)?__SIGNATURE_REGION_LENGTH__:0x400
                0x0000000000000400                __USER_SIGNATURE_REGION_LENGTH__ = DEFINED (__USER_SIGNATURE_REGION_LENGTH__)?__USER_SIGNATURE_REGION_LENGTH__:0x400

.hash
 *(.hash)

.dynsym
 *(.dynsym)

.dynstr
 *(.dynstr)

.gnu.version
 *(.gnu.version)

.gnu.version_d
 *(.gnu.version_d)

.gnu.version_r
 *(.gnu.version_r)

.rel.init
 *(.rel.init)

.rela.init
 *(.rela.init)

.rel.text
 *(.rel.text)
 *(.rel.text.*)
 *(.rel.gnu.linkonce.t*)

.rela.text
 *(.rela.text)
 *(.rela.text.*)
 *(.rela.gnu.linkonce.t*)

.rel.fini
 *(.rel.fini)

.rela.fini
 *(.rela.fini)

.rel.rodata
 *(.rel.rodata)
 *(.rel.rodata.*)
 *(.rel.gnu.linkonce.r*)

.rela.rodata
 *(.rela.rodata)
 *(.rela.rodata.*)
 *(.rela.gnu.linkonce.r*)

.rel.data
 *(.rel.data)
 *(.rel.data.*)
 *(.rel.gnu.linkonce.d*)

.rela.data
 *(.rela.data)
 *(.rela.data.*)
 *(.rela.gnu.linkonce.d*)

.rel.ctors
 *(.rel.ctors)

.rela.ctors
 *(.rela.ctors)

.rel.dtors
 *(.rel.dtors)

.rela.dtors
 *(.rela.dtors)

.rel.got
 *(.rel.got)

.rela.got
 *(.rela.got)

.rel.bss
 *(.rel.bss)

.rela.bss
 *(.rela.bss)

.rel.plt
 *(.rel.plt)

.rela.plt
 *(.rela.plt)

.text           0x0000000000000000      0x1d6
 *(.vectors)
 .vectors       0x0000000000000000       0xe4 c:/users/andi/eclipse/cpp-2018-12/eclipse/avr-gcc-8.3.0-x64-mingw/bin/../lib/gcc/avr/8.3.0/../../../../avr/lib/avr6/crtatmega2560.o
                0x0000000000000000                __vector_default
                0x0000000000000000                __vectors
 *(.vectors)
 *(.progmem.gcc*)
                0x00000000000000e4                . = ALIGN (0x2)
                0x00000000000000e4                __trampolines_start = .
 *(.trampolines)
 .trampolines   0x00000000000000e4        0x0 linker stubs
 *(.trampolines*)
                0x00000000000000e4                __trampolines_end = .
 *libprintf_flt.a:*(.progmem.data)
 *libc.a:*(.progmem.data)
 *(.progmem.*)
                0x00000000000000e4                . = ALIGN (0x2)
 *(.lowtext)
 *(.lowtext*)
                0x00000000000000e4                __ctors_start = .
 *(.ctors)
                0x00000000000000e4                __ctors_end = .
                0x00000000000000e4                __dtors_start = .
 *(.dtors)
                0x00000000000000e4                __dtors_end = .
 SORT_BY_NAME(*)(.ctors)
 SORT_BY_NAME(*)(.dtors)
 *(.init0)
 .init0         0x00000000000000e4        0x0 c:/users/andi/eclipse/cpp-2018-12/eclipse/avr-gcc-8.3.0-x64-mingw/bin/../lib/gcc/avr/8.3.0/../../../../avr/lib/avr6/crtatmega2560.o
                0x00000000000000e4                __init
 *(.init0)
 *(.init1)
 *(.init1)
 *(.init2)
 .init2         0x00000000000000e4       0x10 c:/users/andi/eclipse/cpp-2018-12/eclipse/avr-gcc-8.3.0-x64-mingw/bin/../lib/gcc/avr/8.3.0/../../../../avr/lib/avr6/crtatmega2560.o
 *(.init2)
 *(.init3)
 *(.init3)
 *(.init4)
 *(.init4)
 *(.init5)
 *(.init5)
 *(.init6)
 *(.init6)
 *(.init7)
 *(.init7)
 *(.init8)
 *(.init8)
 *(.init9)
 .init9         0x00000000000000f4        0x8 c:/users/andi/eclipse/cpp-2018-12/eclipse/avr-gcc-8.3.0-x64-mingw/bin/../lib/gcc/avr/8.3.0/../../../../avr/lib/avr6/crtatmega2560.o
 *(.init9)
 *(.text)
 .text          0x00000000000000fc        0x4 c:/users/andi/eclipse/cpp-2018-12/eclipse/avr-gcc-8.3.0-x64-mingw/bin/../lib/gcc/avr/8.3.0/../../../../avr/lib/avr6/crtatmega2560.o
                0x00000000000000fc                __vector_38
                0x00000000000000fc                __vector_22
                0x00000000000000fc                __vector_28
                0x00000000000000fc                __vector_1
                0x00000000000000fc                __vector_32
                0x00000000000000fc                __vector_34
                0x00000000000000fc                __vector_24
                0x00000000000000fc                __vector_12
                0x00000000000000fc                __vector_55
                0x00000000000000fc                __vector_46
                0x00000000000000fc                __bad_interrupt
                0x00000000000000fc                __vector_6
                0x00000000000000fc                __vector_31
                0x00000000000000fc                __vector_35
                0x00000000000000fc                __vector_39
                0x00000000000000fc                __vector_3
                0x00000000000000fc                __vector_23
                0x00000000000000fc                __vector_30
                0x00000000000000fc                __vector_45
                0x00000000000000fc                __vector_25
                0x00000000000000fc                __vector_11
                0x00000000000000fc                __vector_54
                0x00000000000000fc                __vector_13
                0x00000000000000fc                __vector_17
                0x00000000000000fc                __vector_19
                0x00000000000000fc                __vector_56
                0x00000000000000fc                __vector_7
                0x00000000000000fc                __vector_49
                0x00000000000000fc                __vector_41
                0x00000000000000fc                __vector_43
                0x00000000000000fc                __vector_27
                0x00000000000000fc                __vector_5
                0x00000000000000fc                __vector_33
                0x00000000000000fc                __vector_47
                0x00000000000000fc                __vector_52
                0x00000000000000fc                __vector_37
                0x00000000000000fc                __vector_4
                0x00000000000000fc                __vector_44
                0x00000000000000fc                __vector_51
                0x00000000000000fc                __vector_9
                0x00000000000000fc                __vector_2
                0x00000000000000fc                __vector_21
                0x00000000000000fc                __vector_15
                0x00000000000000fc                __vector_36
                0x00000000000000fc                __vector_29
                0x00000000000000fc                __vector_40
                0x00000000000000fc                __vector_8
                0x00000000000000fc                __vector_26
                0x00000000000000fc                __vector_48
                0x00000000000000fc                __vector_14
                0x00000000000000fc                __vector_53
                0x00000000000000fc                __vector_10
                0x00000000000000fc                __vector_50
                0x00000000000000fc                __vector_16
                0x00000000000000fc                __vector_18
                0x00000000000000fc                __vector_20
                0x00000000000000fc                __vector_42
 .text          0x0000000000000100        0x0 ./main.o
 .text          0x0000000000000100        0x0 c:/users/andi/eclipse/cpp-2018-12/eclipse/avr-gcc-8.3.0-x64-mingw/bin/../lib/gcc/avr/8.3.0/avr6\libgcc.a(_exit.o)
                0x0000000000000100                . = ALIGN (0x2)
 *(.text.*)
 .text.SPI_SlaveInit
                0x0000000000000100        0xc ./main.o
                0x0000000000000100                SPI_SlaveInit
 .text.SPI_SlaveReceive
                0x000000000000010c        0xc ./main.o
                0x000000000000010c                SPI_SlaveReceive
 .text.SPI_SlaveTransmit
                0x0000000000000118        0x4 ./main.o
                0x0000000000000118                SPI_SlaveTransmit
 .text.Sensor   0x000000000000011c       0x22 ./main.o
                0x000000000000011c                Sensor
 .text.report   0x000000000000013e       0x40 ./main.o
                0x000000000000013e                report
 .text.startup.main
                0x000000000000017e       0x54 ./main.o
                0x000000000000017e                main
 .text.libgcc.mul
                0x00000000000001d2        0x0 c:/users/andi/eclipse/cpp-2018-12/eclipse/avr-gcc-8.3.0-x64-mingw/bin/../lib/gcc/avr/8.3.0/avr6\libgcc.a(_exit.o)
 .text.libgcc.div
                0x00000000000001d2        0x0 c:/users/andi/eclipse/cpp-2018-12/eclipse/avr-gcc-8.3.0-x64-mingw/bin/../lib/gcc/avr/8.3.0/avr6\libgcc.a(_exit.o)
 .text.libgcc   0x00000000000001d2        0x0 c:/users/andi/eclipse/cpp-2018-12/eclipse/avr-gcc-8.3.0-x64-mingw/bin/../lib/gcc/avr/8.3.0/avr6\libgcc.a(_exit.o)
 .text.libgcc.prologue
                0x00000000000001d2        0x0 c:/users/andi/eclipse/cpp-2018-12/eclipse/avr-gcc-8.3.0-x64-mingw/bin/../lib/gcc/avr/8.3.0/avr6\libgcc.a(_exit.o)
 .text.libgcc.builtins
                0x00000000000001d2        0x0 c:/users/andi/eclipse/cpp-2018-12/eclipse/avr-gcc-8.3.0-x64-mingw/bin/../lib/gcc/avr/8.3.0/avr6\libgcc.a(_exit.o)
 .text.libgcc.fmul
                0x00000000000001d2        0x0 c:/users/andi/eclipse/cpp-2018-12/eclipse/avr-gcc-8.3.0-x64-mingw/bin/../lib/gcc/avr/8.3.0/avr6\libgcc.a(_exit.o)
 .text.libgcc.fixed
                0x00000000000001d2        0x0 c:/users/andi/eclipse/cpp-2018-12/eclipse/avr-gcc-8.3.0-x64-mingw/bin/../lib/gcc/avr/8.3.0/avr6\libgcc.a(_exit.o)
                0x00000000000001d2                . = ALIGN (0x2)
 *(.fini9)
 .fini9         0x00000000000001d2        0x0 c:/users/andi/eclipse/cpp-2018-12/eclipse/avr-gcc-8.3.0-x64-mingw/bin/../lib/gcc/avr/8.3.0/avr6\libgcc.a(_exit.o)
                0x00000000000001d2                _exit
                0x00000000000001d2                exit
 *(.fini9)
 *(.fini8)
 *(.fini8)
 *(.fini7)
 *(.fini7)
 *(.fini6)
 *(.fini6)
 *(.fini5)
 *(.fini5)
 *(.fini4)
 *(.fini4)
 *(.fini3)
 *(.fini3)
 *(.fini2)
 *(.fini2)
 *(.fini1)
 *(.fini1)
 *(.fini0)
 .fini0         0x00000000000001d2        0x4 c:/users/andi/eclipse/cpp-2018-12/eclipse/avr-gcc-8.3.0-x64-mingw/bin/../lib/gcc/avr/8.3.0/avr6\libgcc.a(_exit.o)
 *(.fini0)
 *(.hightext)
 *(.hightext*)
 *(.progmemx.*)
                0x00000000000001d6                . = ALIGN (0x2)
 *(.jumptables)
 *(.jumptables*)
                0x00000000000001d6                _etext = .

.data           0x0000000000800200        0x0 load address 0x00000000000001d6
                [!provide]                        PROVIDE (__data_start = .)
 *(.data)
 .data          0x0000000000800200        0x0 c:/users/andi/eclipse/cpp-2018-12/eclipse/avr-gcc-8.3.0-x64-mingw/bin/../lib/gcc/avr/8.3.0/../../../../avr/lib/avr6/crtatmega2560.o
 .data          0x0000000000800200        0x0 ./main.o
 .data          0x0000000000800200        0x0 c:/users/andi/eclipse/cpp-2018-12/eclipse/avr-gcc-8.3.0-x64-mingw/bin/../lib/gcc/avr/8.3.0/avr6\libgcc.a(_exit.o)
 *(.data*)
 *(.gnu.linkonce.d*)
 *(.rodata)
 *(.rodata*)
 *(.gnu.linkonce.r*)
                0x0000000000800200                . = ALIGN (0x2)
                0x0000000000800200                _edata = .
                [!provide]                        PROVIDE (__data_end = .)

.bss            0x0000000000800200        0x0
                [!provide]                        PROVIDE (__bss_start = .)
 *(.bss)
 .bss           0x0000000000800200        0x0 c:/users/andi/eclipse/cpp-2018-12/eclipse/avr-gcc-8.3.0-x64-mingw/bin/../lib/gcc/avr/8.3.0/../../../../avr/lib/avr6/crtatmega2560.o
 .bss           0x0000000000800200        0x0 ./main.o
 .bss           0x0000000000800200        0x0 c:/users/andi/eclipse/cpp-2018-12/eclipse/avr-gcc-8.3.0-x64-mingw/bin/../lib/gcc/avr/8.3.0/avr6\libgcc.a(_exit.o)
 *(.bss*)
 *(COMMON)
                [!provide]                        PROVIDE (__bss_end = .)
                0x00000000000001d6                __data_load_start = LOADADDR (.data)
                0x00000000000001d6                __data_load_end = (__data_load_start + SIZEOF (.data))

.noinit         0x0000000000800200        0x0
                [!provide]                        PROVIDE (__noinit_start = .)
 *(.noinit*)
                [!provide]                        PROVIDE (__noinit_end = .)
                0x0000000000800200                _end = .
                [!provide]                        PROVIDE (__heap_start = .)

.eeprom         0x0000000000810000        0x0
 *(.eeprom*)
                0x0000000000810000                __eeprom_end = .

.fuse
 *(.fuse)
 *(.lfuse)
 *(.hfuse)
 *(.efuse)

.lock
 *(.lock*)

.signature
 *(.signature*)

.stab
 *(.stab)

.stabstr
 *(.stabstr)

.stab.excl
 *(.stab.excl)

.stab.exclstr
 *(.stab.exclstr)

.stab.index
 *(.stab.index)

.stab.indexstr
 *(.stab.indexstr)

.comment        0x0000000000000000       0x11
 *(.comment)
 .comment       0x0000000000000000       0x11 ./main.o
                                         0x12 (size before relaxing)

.note.gnu.avr.deviceinfo
                0x0000000000000000       0x40
 .note.gnu.avr.deviceinfo
                0x0000000000000000       0x40 c:/users/andi/eclipse/cpp-2018-12/eclipse/avr-gcc-8.3.0-x64-mingw/bin/../lib/gcc/avr/8.3.0/../../../../avr/lib/avr6/crtatmega2560.o

.note.gnu.build-id
 *(.note.gnu.build-id)

.debug
 *(.debug)

.line
 *(.line)

.debug_srcinfo
 *(.debug_srcinfo)

.debug_sfnames
 *(.debug_sfnames)

.debug_aranges  0x0000000000000000       0x20
 *(.debug_aranges)
 .debug_aranges
                0x0000000000000000       0x20 c:/users/andi/eclipse/cpp-2018-12/eclipse/avr-gcc-8.3.0-x64-mingw/bin/../lib/gcc/avr/8.3.0/avr6\libgcc.a(_exit.o)

.debug_pubnames
 *(.debug_pubnames)

.debug_info     0x0000000000000000      0xbe2
 *(.debug_info .gnu.linkonce.wi.*)
 .debug_info    0x0000000000000000      0xbbc c:/users/andi/eclipse/cpp-2018-12/eclipse/avr-gcc-8.3.0-x64-mingw/bin/../lib/gcc/avr/8.3.0/../../../../avr/lib/avr6/crtatmega2560.o
 .debug_info    0x0000000000000bbc       0x26 c:/users/andi/eclipse/cpp-2018-12/eclipse/avr-gcc-8.3.0-x64-mingw/bin/../lib/gcc/avr/8.3.0/avr6\libgcc.a(_exit.o)

.debug_abbrev   0x0000000000000000      0xb2e
 *(.debug_abbrev)
 .debug_abbrev  0x0000000000000000      0xb1a c:/users/andi/eclipse/cpp-2018-12/eclipse/avr-gcc-8.3.0-x64-mingw/bin/../lib/gcc/avr/8.3.0/../../../../avr/lib/avr6/crtatmega2560.o
 .debug_abbrev  0x0000000000000b1a       0x14 c:/users/andi/eclipse/cpp-2018-12/eclipse/avr-gcc-8.3.0-x64-mingw/bin/../lib/gcc/avr/8.3.0/avr6\libgcc.a(_exit.o)

.debug_line     0x0000000000000000       0x7e
 *(.debug_line .debug_line.* .debug_line_end)
 .debug_line    0x0000000000000000       0x1d c:/users/andi/eclipse/cpp-2018-12/eclipse/avr-gcc-8.3.0-x64-mingw/bin/../lib/gcc/avr/8.3.0/../../../../avr/lib/avr6/crtatmega2560.o
 .debug_line    0x000000000000001d       0x61 c:/users/andi/eclipse/cpp-2018-12/eclipse/avr-gcc-8.3.0-x64-mingw/bin/../lib/gcc/avr/8.3.0/avr6\libgcc.a(_exit.o)

.debug_frame
 *(.debug_frame)

.debug_str      0x0000000000000000      0x444
 *(.debug_str)
 .debug_str     0x0000000000000000      0x3e6 c:/users/andi/eclipse/cpp-2018-12/eclipse/avr-gcc-8.3.0-x64-mingw/bin/../lib/gcc/avr/8.3.0/../../../../avr/lib/avr6/crtatmega2560.o
 .debug_str     0x00000000000003e6       0x5e c:/users/andi/eclipse/cpp-2018-12/eclipse/avr-gcc-8.3.0-x64-mingw/bin/../lib/gcc/avr/8.3.0/avr6\libgcc.a(_exit.o)

.debug_loc
 *(.debug_loc)

.debug_macinfo
 *(.debug_macinfo)

.debug_weaknames
 *(.debug_weaknames)

.debug_funcnames
 *(.debug_funcnames)

.debug_typenames
 *(.debug_typenames)

.debug_varnames
 *(.debug_varnames)

.debug_pubtypes
 *(.debug_pubtypes)

.debug_ranges
 *(.debug_ranges)

.debug_macro
 *(.debug_macro)

.debug_addr
 *(.debug_addr)
OUTPUT(SPI_Slave_Sensor_MEGA.elf elf32-avr)
LOAD linker stubs
